// Vitest Snapshot v1

exports[`mount component 1`] = `"<h1>フロントエンドコーディング試験</h1>"`;
