// Vitest Snapshot v1

exports[`PopulationChart > snapshot 1`] = `"<div class=\\"\\"><canvas id=\\"population-chart\\" width=\\"0\\" height=\\"0\\" style=\\"display: block; box-sizing: border-box; height: 0px; width: 0px;\\"></canvas></div>"`;
